Archive member included to satisfy reference by file (symbol)

c:/program files (x86)/atmel/studio/7.0/toolchain/avr8/avr8-gnu-toolchain/bin/../lib/gcc/avr/5.4.0/avr5\libgcc.a(_exit.o)
                              C:/Program Files (x86)/Atmel/Studio/7.0/Packs/atmel/ATmega_DFP/1.7.374/gcc/dev/atmega32/avr5/crtatmega32.o (exit)
c:/program files (x86)/atmel/studio/7.0/toolchain/avr8/avr8-gnu-toolchain/bin/../lib/gcc/avr/5.4.0/avr5\libgcc.a(_clear_bss.o)
                              NewFolder1/application/app.o (__do_clear_bss)

Discarded input sections

 .data          0x00000000        0x0 C:/Program Files (x86)/Atmel/Studio/7.0/Packs/atmel/ATmega_DFP/1.7.374/gcc/dev/atmega32/avr5/crtatmega32.o
 .bss           0x00000000        0x0 C:/Program Files (x86)/Atmel/Studio/7.0/Packs/atmel/ATmega_DFP/1.7.374/gcc/dev/atmega32/avr5/crtatmega32.o
 .text          0x00000000        0x0 main.o
 .data          0x00000000        0x0 main.o
 .bss           0x00000000        0x0 main.o
 .text          0x00000000        0x0 NewFolder1/application/app.o
 .data          0x00000000        0x0 NewFolder1/application/app.o
 .bss           0x00000000        0x0 NewFolder1/application/app.o
 .text          0x00000000        0x0 NewFolder1/ECAL/BUTTON Driver/button.o
 .data          0x00000000        0x0 NewFolder1/ECAL/BUTTON Driver/button.o
 .bss           0x00000000        0x0 NewFolder1/ECAL/BUTTON Driver/button.o
 .text.BUTTON_read
                0x00000000        0x6 NewFolder1/ECAL/BUTTON Driver/button.o
 .text          0x00000000        0x0 NewFolder1/ECAL/LED Driver/led.o
 .data          0x00000000        0x0 NewFolder1/ECAL/LED Driver/led.o
 .bss           0x00000000        0x0 NewFolder1/ECAL/LED Driver/led.o
 .text          0x00000000        0x0 NewFolder1/MCAL/DIO Driver/dio.o
 .data          0x00000000        0x0 NewFolder1/MCAL/DIO Driver/dio.o
 .bss           0x00000000        0x0 NewFolder1/MCAL/DIO Driver/dio.o
 .text.DIO_read
                0x00000000       0xc8 NewFolder1/MCAL/DIO Driver/dio.o
 .text          0x00000000        0x0 NewFolder1/MCAL/INTERRUPTS Driver/interrupts.o
 .data          0x00000000        0x0 NewFolder1/MCAL/INTERRUPTS Driver/interrupts.o
 .bss           0x00000000        0x0 NewFolder1/MCAL/INTERRUPTS Driver/interrupts.o
 .text          0x00000000        0x0 NewFolder1/MCAL/TIMER Driver/timer.o
 .data          0x00000000        0x0 NewFolder1/MCAL/TIMER Driver/timer.o
 .bss           0x00000000        0x0 NewFolder1/MCAL/TIMER Driver/timer.o
 .text.timer2_timer_reset
                0x00000000        0xc NewFolder1/MCAL/TIMER Driver/timer.o
 .text          0x00000000        0x0 c:/program files (x86)/atmel/studio/7.0/toolchain/avr8/avr8-gnu-toolchain/bin/../lib/gcc/avr/5.4.0/avr5\libgcc.a(_exit.o)
 .data          0x00000000        0x0 c:/program files (x86)/atmel/studio/7.0/toolchain/avr8/avr8-gnu-toolchain/bin/../lib/gcc/avr/5.4.0/avr5\libgcc.a(_exit.o)
 .bss           0x00000000        0x0 c:/program files (x86)/atmel/studio/7.0/toolchain/avr8/avr8-gnu-toolchain/bin/../lib/gcc/avr/5.4.0/avr5\libgcc.a(_exit.o)
 .text.libgcc.mul
                0x00000000        0x0 c:/program files (x86)/atmel/studio/7.0/toolchain/avr8/avr8-gnu-toolchain/bin/../lib/gcc/avr/5.4.0/avr5\libgcc.a(_exit.o)
 .text.libgcc.div
                0x00000000        0x0 c:/program files (x86)/atmel/studio/7.0/toolchain/avr8/avr8-gnu-toolchain/bin/../lib/gcc/avr/5.4.0/avr5\libgcc.a(_exit.o)
 .text.libgcc   0x00000000        0x0 c:/program files (x86)/atmel/studio/7.0/toolchain/avr8/avr8-gnu-toolchain/bin/../lib/gcc/avr/5.4.0/avr5\libgcc.a(_exit.o)
 .text.libgcc.prologue
                0x00000000        0x0 c:/program files (x86)/atmel/studio/7.0/toolchain/avr8/avr8-gnu-toolchain/bin/../lib/gcc/avr/5.4.0/avr5\libgcc.a(_exit.o)
 .text.libgcc.builtins
                0x00000000        0x0 c:/program files (x86)/atmel/studio/7.0/toolchain/avr8/avr8-gnu-toolchain/bin/../lib/gcc/avr/5.4.0/avr5\libgcc.a(_exit.o)
 .text.libgcc.fmul
                0x00000000        0x0 c:/program files (x86)/atmel/studio/7.0/toolchain/avr8/avr8-gnu-toolchain/bin/../lib/gcc/avr/5.4.0/avr5\libgcc.a(_exit.o)
 .text.libgcc.fixed
                0x00000000        0x0 c:/program files (x86)/atmel/studio/7.0/toolchain/avr8/avr8-gnu-toolchain/bin/../lib/gcc/avr/5.4.0/avr5\libgcc.a(_exit.o)
 .text          0x00000000        0x0 c:/program files (x86)/atmel/studio/7.0/toolchain/avr8/avr8-gnu-toolchain/bin/../lib/gcc/avr/5.4.0/avr5\libgcc.a(_clear_bss.o)
 .data          0x00000000        0x0 c:/program files (x86)/atmel/studio/7.0/toolchain/avr8/avr8-gnu-toolchain/bin/../lib/gcc/avr/5.4.0/avr5\libgcc.a(_clear_bss.o)
 .bss           0x00000000        0x0 c:/program files (x86)/atmel/studio/7.0/toolchain/avr8/avr8-gnu-toolchain/bin/../lib/gcc/avr/5.4.0/avr5\libgcc.a(_clear_bss.o)
 .text.libgcc.mul
                0x00000000        0x0 c:/program files (x86)/atmel/studio/7.0/toolchain/avr8/avr8-gnu-toolchain/bin/../lib/gcc/avr/5.4.0/avr5\libgcc.a(_clear_bss.o)
 .text.libgcc.div
                0x00000000        0x0 c:/program files (x86)/atmel/studio/7.0/toolchain/avr8/avr8-gnu-toolchain/bin/../lib/gcc/avr/5.4.0/avr5\libgcc.a(_clear_bss.o)
 .text.libgcc   0x00000000        0x0 c:/program files (x86)/atmel/studio/7.0/toolchain/avr8/avr8-gnu-toolchain/bin/../lib/gcc/avr/5.4.0/avr5\libgcc.a(_clear_bss.o)
 .text.libgcc.prologue
                0x00000000        0x0 c:/program files (x86)/atmel/studio/7.0/toolchain/avr8/avr8-gnu-toolchain/bin/../lib/gcc/avr/5.4.0/avr5\libgcc.a(_clear_bss.o)
 .text.libgcc.builtins
                0x00000000        0x0 c:/program files (x86)/atmel/studio/7.0/toolchain/avr8/avr8-gnu-toolchain/bin/../lib/gcc/avr/5.4.0/avr5\libgcc.a(_clear_bss.o)
 .text.libgcc.fmul
                0x00000000        0x0 c:/program files (x86)/atmel/studio/7.0/toolchain/avr8/avr8-gnu-toolchain/bin/../lib/gcc/avr/5.4.0/avr5\libgcc.a(_clear_bss.o)
 .text.libgcc.fixed
                0x00000000        0x0 c:/program files (x86)/atmel/studio/7.0/toolchain/avr8/avr8-gnu-toolchain/bin/../lib/gcc/avr/5.4.0/avr5\libgcc.a(_clear_bss.o)

Memory Configuration

Name             Origin             Length             Attributes
text             0x00000000         0x00008000         xr
data             0x00800060         0x00000800         rw !x
eeprom           0x00810000         0x00000400         rw !x
fuse             0x00820000         0x00000002         rw !x
lock             0x00830000         0x00000400         rw !x
signature        0x00840000         0x00000400         rw !x
user_signatures  0x00850000         0x00000400         rw !x
*default*        0x00000000         0xffffffff

Linker script and memory map

LOAD C:/Program Files (x86)/Atmel/Studio/7.0/Packs/atmel/ATmega_DFP/1.7.374/gcc/dev/atmega32/avr5/crtatmega32.o
LOAD main.o
LOAD NewFolder1/application/app.o
LOAD NewFolder1/ECAL/BUTTON Driver/button.o
LOAD NewFolder1/ECAL/LED Driver/led.o
LOAD NewFolder1/MCAL/DIO Driver/dio.o
LOAD NewFolder1/MCAL/INTERRUPTS Driver/interrupts.o
LOAD NewFolder1/MCAL/TIMER Driver/timer.o
START GROUP
LOAD c:/program files (x86)/atmel/studio/7.0/toolchain/avr8/avr8-gnu-toolchain/bin/../lib/gcc/avr/5.4.0/../../../../avr/lib/avr5\libm.a
END GROUP
START GROUP
LOAD c:/program files (x86)/atmel/studio/7.0/toolchain/avr8/avr8-gnu-toolchain/bin/../lib/gcc/avr/5.4.0/avr5\libgcc.a
LOAD c:/program files (x86)/atmel/studio/7.0/toolchain/avr8/avr8-gnu-toolchain/bin/../lib/gcc/avr/5.4.0/../../../../avr/lib/avr5\libm.a
LOAD c:/program files (x86)/atmel/studio/7.0/toolchain/avr8/avr8-gnu-toolchain/bin/../lib/gcc/avr/5.4.0/../../../../avr/lib/avr5\libc.a
LOAD C:/Program Files (x86)/Atmel/Studio/7.0/Packs/atmel/ATmega_DFP/1.7.374/gcc/dev/atmega32/avr5\libatmega32.a
END GROUP
                0x00000000                __TEXT_REGION_ORIGIN__ = DEFINED (__TEXT_REGION_ORIGIN__)?__TEXT_REGION_ORIGIN__:0x0
                [0x00800060]                __DATA_REGION_ORIGIN__ = DEFINED (__DATA_REGION_ORIGIN__)?__DATA_REGION_ORIGIN__:0x800060
                [0x00008000]                __TEXT_REGION_LENGTH__ = DEFINED (__TEXT_REGION_LENGTH__)?__TEXT_REGION_LENGTH__:0x20000
                [0x00000800]                __DATA_REGION_LENGTH__ = DEFINED (__DATA_REGION_LENGTH__)?__DATA_REGION_LENGTH__:0xffa0
                [0x00000400]                __EEPROM_REGION_LENGTH__ = DEFINED (__EEPROM_REGION_LENGTH__)?__EEPROM_REGION_LENGTH__:0x10000
                [0x00000002]                __FUSE_REGION_LENGTH__ = DEFINED (__FUSE_REGION_LENGTH__)?__FUSE_REGION_LENGTH__:0x400
                0x00000400                __LOCK_REGION_LENGTH__ = DEFINED (__LOCK_REGION_LENGTH__)?__LOCK_REGION_LENGTH__:0x400
                0x00000400                __SIGNATURE_REGION_LENGTH__ = DEFINED (__SIGNATURE_REGION_LENGTH__)?__SIGNATURE_REGION_LENGTH__:0x400
                0x00000400                __USER_SIGNATURE_REGION_LENGTH__ = DEFINED (__USER_SIGNATURE_REGION_LENGTH__)?__USER_SIGNATURE_REGION_LENGTH__:0x400

.hash
 *(.hash)

.dynsym
 *(.dynsym)

.dynstr
 *(.dynstr)

.gnu.version
 *(.gnu.version)

.gnu.version_d
 *(.gnu.version_d)

.gnu.version_r
 *(.gnu.version_r)

.rel.init
 *(.rel.init)

.rela.init
 *(.rela.init)

.rel.text
 *(.rel.text)
 *(.rel.text.*)
 *(.rel.gnu.linkonce.t*)

.rela.text
 *(.rela.text)
 *(.rela.text.*)
 *(.rela.gnu.linkonce.t*)

.rel.fini
 *(.rel.fini)

.rela.fini
 *(.rela.fini)

.rel.rodata
 *(.rel.rodata)
 *(.rel.rodata.*)
 *(.rel.gnu.linkonce.r*)

.rela.rodata
 *(.rela.rodata)
 *(.rela.rodata.*)
 *(.rela.gnu.linkonce.r*)

.rel.data
 *(.rel.data)
 *(.rel.data.*)
 *(.rel.gnu.linkonce.d*)

.rela.data
 *(.rela.data)
 *(.rela.data.*)
 *(.rela.gnu.linkonce.d*)

.rel.ctors
 *(.rel.ctors)

.rela.ctors
 *(.rela.ctors)

.rel.dtors
 *(.rel.dtors)

.rela.dtors
 *(.rela.dtors)

.rel.got
 *(.rel.got)

.rela.got
 *(.rela.got)

.rel.bss
 *(.rel.bss)

.rela.bss
 *(.rela.bss)

.rel.plt
 *(.rel.plt)

.rela.plt
 *(.rela.plt)

.text           0x00000000      0x7fa
 *(.vectors)
 .vectors       0x00000000       0x54 C:/Program Files (x86)/Atmel/Studio/7.0/Packs/atmel/ATmega_DFP/1.7.374/gcc/dev/atmega32/avr5/crtatmega32.o
                0x00000000                __vector_default
                0x00000000                __vectors
 *(.vectors)
 *(.progmem.gcc*)
                0x00000054                . = ALIGN (0x2)
                0x00000054                __trampolines_start = .
 *(.trampolines)
 .trampolines   0x00000054        0x0 linker stubs
 *(.trampolines*)
                0x00000054                __trampolines_end = .
 *libprintf_flt.a:*(.progmem.data)
 *libc.a:*(.progmem.data)
 *(.progmem*)
                0x00000054                . = ALIGN (0x2)
 *(.jumptables)
 *(.jumptables*)
 *(.lowtext)
 *(.lowtext*)
                0x00000054                __ctors_start = .
 *(.ctors)
                0x00000054                __ctors_end = .
                0x00000054                __dtors_start = .
 *(.dtors)
                0x00000054                __dtors_end = .
 SORT(*)(.ctors)
 SORT(*)(.dtors)
 *(.init0)
 .init0         0x00000054        0x0 C:/Program Files (x86)/Atmel/Studio/7.0/Packs/atmel/ATmega_DFP/1.7.374/gcc/dev/atmega32/avr5/crtatmega32.o
                0x00000054                __init
 *(.init0)
 *(.init1)
 *(.init1)
 *(.init2)
 .init2         0x00000054        0xc C:/Program Files (x86)/Atmel/Studio/7.0/Packs/atmel/ATmega_DFP/1.7.374/gcc/dev/atmega32/avr5/crtatmega32.o
 *(.init2)
 *(.init3)
 *(.init3)
 *(.init4)
 .init4         0x00000060       0x10 c:/program files (x86)/atmel/studio/7.0/toolchain/avr8/avr8-gnu-toolchain/bin/../lib/gcc/avr/5.4.0/avr5\libgcc.a(_clear_bss.o)
                0x00000060                __do_clear_bss
 *(.init4)
 *(.init5)
 *(.init5)
 *(.init6)
 *(.init6)
 *(.init7)
 *(.init7)
 *(.init8)
 *(.init8)
 *(.init9)
 .init9         0x00000070        0x8 C:/Program Files (x86)/Atmel/Studio/7.0/Packs/atmel/ATmega_DFP/1.7.374/gcc/dev/atmega32/avr5/crtatmega32.o
 *(.init9)
 *(.text)
 .text          0x00000078        0x4 C:/Program Files (x86)/Atmel/Studio/7.0/Packs/atmel/ATmega_DFP/1.7.374/gcc/dev/atmega32/avr5/crtatmega32.o
                0x00000078                __vector_12
                0x00000078                __bad_interrupt
                0x00000078                __vector_6
                0x00000078                __vector_3
                0x00000078                __vector_13
                0x00000078                __vector_17
                0x00000078                __vector_19
                0x00000078                __vector_7
                0x00000078                __vector_4
                0x00000078                __vector_9
                0x00000078                __vector_2
                0x00000078                __vector_15
                0x00000078                __vector_8
                0x00000078                __vector_14
                0x00000078                __vector_10
                0x00000078                __vector_16
                0x00000078                __vector_18
                0x00000078                __vector_20
                0x0000007c                . = ALIGN (0x2)
 *(.text.*)
 .text.main     0x0000007c        0xe main.o
                0x0000007c                main
 .text.app_start
                0x0000008a      0x176 NewFolder1/application/app.o
                0x0000008a                app_start
 .text.app_init
                0x00000200       0x6a NewFolder1/application/app.o
                0x00000200                app_init
 .text.BUTTON_init
                0x0000026a        0x8 NewFolder1/ECAL/BUTTON Driver/button.o
                0x0000026a                BUTTON_init
 .text.__vector_1
                0x00000272       0xbe NewFolder1/ECAL/BUTTON Driver/button.o
                0x00000272                __vector_1
 .text.LED_init
                0x00000330        0x8 NewFolder1/ECAL/LED Driver/led.o
                0x00000330                LED_init
 .text.LED_on   0x00000338        0x8 NewFolder1/ECAL/LED Driver/led.o
                0x00000338                LED_on
 .text.LED_off  0x00000340        0x8 NewFolder1/ECAL/LED Driver/led.o
                0x00000340                LED_off
 .text.LED_toggle
                0x00000348        0x6 NewFolder1/ECAL/LED Driver/led.o
                0x00000348                LED_toggle
 .text.DIO_init
                0x0000034e       0xf4 NewFolder1/MCAL/DIO Driver/dio.o
                0x0000034e                DIO_init
 .text.DIO_write
                0x00000442       0xf4 NewFolder1/MCAL/DIO Driver/dio.o
                0x00000442                DIO_write
 .text.DIO_toggle
                0x00000536       0x6e NewFolder1/MCAL/DIO Driver/dio.o
                0x00000536                DIO_toggle
 .text.enable_global_interrupts
                0x000005a4        0x8 NewFolder1/MCAL/INTERRUPTS Driver/interrupts.o
                0x000005a4                enable_global_interrupts
 .text.enable_button_interrupt
                0x000005ac        0xe NewFolder1/MCAL/INTERRUPTS Driver/interrupts.o
                0x000005ac                enable_button_interrupt
 .text.timer0_enable_overflow_interrupt
                0x000005ba        0x8 NewFolder1/MCAL/INTERRUPTS Driver/interrupts.o
                0x000005ba                timer0_enable_overflow_interrupt
 .text.timer2_enable_overflow_interrupt
                0x000005c2        0x8 NewFolder1/MCAL/INTERRUPTS Driver/interrupts.o
                0x000005c2                timer2_enable_overflow_interrupt
 .text.setOvfCallback
                0x000005ca        0xa NewFolder1/MCAL/TIMER Driver/timer.o
                0x000005ca                setOvfCallback
 .text.timer0_select_mode
                0x000005d4       0x32 NewFolder1/MCAL/TIMER Driver/timer.o
                0x000005d4                timer0_select_mode
 .text.timer0_set_initial_value
                0x00000606        0x4 NewFolder1/MCAL/TIMER Driver/timer.o
                0x00000606                timer0_set_initial_value
 .text.timer0_timer_reset
                0x0000060a        0xc NewFolder1/MCAL/TIMER Driver/timer.o
                0x0000060a                timer0_timer_reset
 .text.timer0_timer_stop
                0x00000616        0x8 NewFolder1/MCAL/TIMER Driver/timer.o
                0x00000616                timer0_timer_stop
 .text.timer0_timer_start
                0x0000061e       0x56 NewFolder1/MCAL/TIMER Driver/timer.o
                0x0000061e                timer0_timer_start
 .text.timer2_select_mode
                0x00000674       0x32 NewFolder1/MCAL/TIMER Driver/timer.o
                0x00000674                timer2_select_mode
 .text.timer2_set_initial_value
                0x000006a6        0x4 NewFolder1/MCAL/TIMER Driver/timer.o
                0x000006a6                timer2_set_initial_value
 .text.timer2_timer_stop
                0x000006aa        0x8 NewFolder1/MCAL/TIMER Driver/timer.o
                0x000006aa                timer2_timer_stop
 .text.timer2_timer_start
                0x000006b2       0x76 NewFolder1/MCAL/TIMER Driver/timer.o
                0x000006b2                timer2_timer_start
 .text.__vector_11
                0x00000728       0xac NewFolder1/MCAL/TIMER Driver/timer.o
                0x00000728                __vector_11
 .text.__vector_5
                0x000007d4       0x22 NewFolder1/MCAL/TIMER Driver/timer.o
                0x000007d4                __vector_5
                0x000007f6                . = ALIGN (0x2)
 *(.fini9)
 .fini9         0x000007f6        0x0 c:/program files (x86)/atmel/studio/7.0/toolchain/avr8/avr8-gnu-toolchain/bin/../lib/gcc/avr/5.4.0/avr5\libgcc.a(_exit.o)
                0x000007f6                _exit
                0x000007f6                exit
 *(.fini9)
 *(.fini8)
 *(.fini8)
 *(.fini7)
 *(.fini7)
 *(.fini6)
 *(.fini6)
 *(.fini5)
 *(.fini5)
 *(.fini4)
 *(.fini4)
 *(.fini3)
 *(.fini3)
 *(.fini2)
 *(.fini2)
 *(.fini1)
 *(.fini1)
 *(.fini0)
 .fini0         0x000007f6        0x4 c:/program files (x86)/atmel/studio/7.0/toolchain/avr8/avr8-gnu-toolchain/bin/../lib/gcc/avr/5.4.0/avr5\libgcc.a(_exit.o)
 *(.fini0)
                0x000007fa                _etext = .

.data           0x00800060        0x0 load address 0x000007fa
                [!provide]                PROVIDE (__data_start, .)
 *(.data)
 *(.data*)
 *(.gnu.linkonce.d*)
 *(.rodata)
 *(.rodata*)
 *(.gnu.linkonce.r*)
                0x00800060                . = ALIGN (0x2)
                0x00800060                _edata = .
                [!provide]                PROVIDE (__data_end, .)

.bss            0x00800060        0x8
                0x00800060                PROVIDE (__bss_start, .)
 *(.bss)
 *(.bss*)
 .bss.back      0x00800060        0x1 NewFolder1/application/app.o
                0x00800060                back
 .bss.status    0x00800061        0x1 NewFolder1/application/app.o
                0x00800061                status
 .bss.pushed    0x00800062        0x1 NewFolder1/ECAL/BUTTON Driver/button.o
                0x00800062                pushed
 .bss.flag      0x00800063        0x1 NewFolder1/ECAL/BUTTON Driver/button.o
                0x00800063                flag
 .bss.ovfCallback
                0x00800064        0x2 NewFolder1/MCAL/TIMER Driver/timer.o
 .bss.number_of_overflows_2
                0x00800066        0x1 NewFolder1/MCAL/TIMER Driver/timer.o
                0x00800066                number_of_overflows_2
 .bss.number_of_overflows
                0x00800067        0x1 NewFolder1/MCAL/TIMER Driver/timer.o
                0x00800067                number_of_overflows
 *(COMMON)
                0x00800068                PROVIDE (__bss_end, .)
                0x000007fa                __data_load_start = LOADADDR (.data)
                0x000007fa                __data_load_end = (__data_load_start + SIZEOF (.data))

.noinit         0x00800068        0x0
                [!provide]                PROVIDE (__noinit_start, .)
 *(.noinit*)
                [!provide]                PROVIDE (__noinit_end, .)
                0x00800068                _end = .
                [!provide]                PROVIDE (__heap_start, .)

.eeprom         0x00810000        0x0
 *(.eeprom*)
                0x00810000                __eeprom_end = .

.fuse
 *(.fuse)
 *(.lfuse)
 *(.hfuse)
 *(.efuse)

.lock
 *(.lock*)

.signature
 *(.signature*)

.user_signatures
 *(.user_signatures*)

.stab
 *(.stab)

.stabstr
 *(.stabstr)

.stab.excl
 *(.stab.excl)

.stab.exclstr
 *(.stab.exclstr)

.stab.index
 *(.stab.index)

.stab.indexstr
 *(.stab.indexstr)

.comment        0x00000000       0x30
 *(.comment)
 .comment       0x00000000       0x30 main.o
                                 0x31 (size before relaxing)
 .comment       0x00000030       0x31 NewFolder1/application/app.o
 .comment       0x00000030       0x31 NewFolder1/ECAL/BUTTON Driver/button.o
 .comment       0x00000030       0x31 NewFolder1/ECAL/LED Driver/led.o
 .comment       0x00000030       0x31 NewFolder1/MCAL/DIO Driver/dio.o
 .comment       0x00000030       0x31 NewFolder1/MCAL/INTERRUPTS Driver/interrupts.o
 .comment       0x00000030       0x31 NewFolder1/MCAL/TIMER Driver/timer.o

.note.gnu.avr.deviceinfo
                0x00000000       0x3c
 .note.gnu.avr.deviceinfo
                0x00000000       0x3c C:/Program Files (x86)/Atmel/Studio/7.0/Packs/atmel/ATmega_DFP/1.7.374/gcc/dev/atmega32/avr5/crtatmega32.o

.note.gnu.build-id
 *(.note.gnu.build-id)

.debug
 *(.debug)

.line
 *(.line)

.debug_srcinfo
 *(.debug_srcinfo)

.debug_sfnames
 *(.debug_sfnames)

.debug_aranges  0x00000000      0x1a0
 *(.debug_aranges)
 .debug_aranges
                0x00000000       0x20 main.o
 .debug_aranges
                0x00000020       0x28 NewFolder1/application/app.o
 .debug_aranges
                0x00000048       0x30 NewFolder1/ECAL/BUTTON Driver/button.o
 .debug_aranges
                0x00000078       0x38 NewFolder1/ECAL/LED Driver/led.o
 .debug_aranges
                0x000000b0       0x38 NewFolder1/MCAL/DIO Driver/dio.o
 .debug_aranges
                0x000000e8       0x38 NewFolder1/MCAL/INTERRUPTS Driver/interrupts.o
 .debug_aranges
                0x00000120       0x80 NewFolder1/MCAL/TIMER Driver/timer.o

.debug_pubnames
 *(.debug_pubnames)

.debug_info     0x00000000     0x13cf
 *(.debug_info .gnu.linkonce.wi.*)
 .debug_info    0x00000000      0x4e6 C:/Program Files (x86)/Atmel/Studio/7.0/Packs/atmel/ATmega_DFP/1.7.374/gcc/dev/atmega32/avr5/crtatmega32.o
 .debug_info    0x000004e6       0xda main.o
 .debug_info    0x000005c0      0x570 NewFolder1/application/app.o
 .debug_info    0x00000b30      0x20c NewFolder1/ECAL/BUTTON Driver/button.o
 .debug_info    0x00000d3c      0x1b6 NewFolder1/ECAL/LED Driver/led.o
 .debug_info    0x00000ef2      0x146 NewFolder1/MCAL/DIO Driver/dio.o
 .debug_info    0x00001038       0x90 NewFolder1/MCAL/INTERRUPTS Driver/interrupts.o
 .debug_info    0x000010c8      0x307 NewFolder1/MCAL/TIMER Driver/timer.o

.debug_abbrev   0x00000000      0x98d
 *(.debug_abbrev)
 .debug_abbrev  0x00000000      0x4a3 C:/Program Files (x86)/Atmel/Studio/7.0/Packs/atmel/ATmega_DFP/1.7.374/gcc/dev/atmega32/avr5/crtatmega32.o
 .debug_abbrev  0x000004a3       0x7d main.o
 .debug_abbrev  0x00000520       0xe7 NewFolder1/application/app.o
 .debug_abbrev  0x00000607       0xdd NewFolder1/ECAL/BUTTON Driver/button.o
 .debug_abbrev  0x000006e4       0x80 NewFolder1/ECAL/LED Driver/led.o
 .debug_abbrev  0x00000764       0x87 NewFolder1/MCAL/DIO Driver/dio.o
 .debug_abbrev  0x000007eb       0x44 NewFolder1/MCAL/INTERRUPTS Driver/interrupts.o
 .debug_abbrev  0x0000082f      0x15e NewFolder1/MCAL/TIMER Driver/timer.o

.debug_line     0x00000000      0xe56
 *(.debug_line .debug_line.* .debug_line_end)
 .debug_line    0x00000000      0x116 C:/Program Files (x86)/Atmel/Studio/7.0/Packs/atmel/ATmega_DFP/1.7.374/gcc/dev/atmega32/avr5/crtatmega32.o
 .debug_line    0x00000116       0x4b main.o
 .debug_line    0x00000161      0x377 NewFolder1/application/app.o
 .debug_line    0x000004d8      0x244 NewFolder1/ECAL/BUTTON Driver/button.o
 .debug_line    0x0000071c      0x128 NewFolder1/ECAL/LED Driver/led.o
 .debug_line    0x00000844      0x1ec NewFolder1/MCAL/DIO Driver/dio.o
 .debug_line    0x00000a30       0xf0 NewFolder1/MCAL/INTERRUPTS Driver/interrupts.o
 .debug_line    0x00000b20      0x336 NewFolder1/MCAL/TIMER Driver/timer.o

.debug_frame    0x00000000      0x31c
 *(.debug_frame)
 .debug_frame   0x00000000       0x24 main.o
 .debug_frame   0x00000024       0x34 NewFolder1/application/app.o
 .debug_frame   0x00000058       0x8c NewFolder1/ECAL/BUTTON Driver/button.o
 .debug_frame   0x000000e4       0x54 NewFolder1/ECAL/LED Driver/led.o
 .debug_frame   0x00000138       0x54 NewFolder1/MCAL/DIO Driver/dio.o
 .debug_frame   0x0000018c       0x54 NewFolder1/MCAL/INTERRUPTS Driver/interrupts.o
 .debug_frame   0x000001e0      0x13c NewFolder1/MCAL/TIMER Driver/timer.o

.debug_str      0x00000000      0x643
 *(.debug_str)
 .debug_str     0x00000000      0x196 C:/Program Files (x86)/Atmel/Studio/7.0/Packs/atmel/ATmega_DFP/1.7.374/gcc/dev/atmega32/avr5/crtatmega32.o
 .debug_str     0x00000196      0x152 main.o
                                0x18b (size before relaxing)
 .debug_str     0x000002e8      0x15f NewFolder1/application/app.o
                                0x280 (size before relaxing)
 .debug_str     0x00000447       0x7b NewFolder1/ECAL/BUTTON Driver/button.o
                                0x1c0 (size before relaxing)
 .debug_str     0x000004c2       0x53 NewFolder1/ECAL/LED Driver/led.o
                                0x185 (size before relaxing)
 .debug_str     0x00000515       0x3d NewFolder1/MCAL/DIO Driver/dio.o
                                0x17b (size before relaxing)
 .debug_str     0x00000552       0x32 NewFolder1/MCAL/INTERRUPTS Driver/interrupts.o
                                0x1b6 (size before relaxing)
 .debug_str     0x00000584       0xbf NewFolder1/MCAL/TIMER Driver/timer.o
                                0x296 (size before relaxing)

.debug_loc      0x00000000      0x85c
 *(.debug_loc)
 .debug_loc     0x00000000      0x175 NewFolder1/ECAL/BUTTON Driver/button.o
 .debug_loc     0x00000175      0x108 NewFolder1/ECAL/LED Driver/led.o
 .debug_loc     0x0000027d      0x278 NewFolder1/MCAL/DIO Driver/dio.o
 .debug_loc     0x000004f5      0x367 NewFolder1/MCAL/TIMER Driver/timer.o

.debug_macinfo
 *(.debug_macinfo)

.debug_weaknames
 *(.debug_weaknames)

.debug_funcnames
 *(.debug_funcnames)

.debug_typenames
 *(.debug_typenames)

.debug_varnames
 *(.debug_varnames)

.debug_pubtypes
 *(.debug_pubtypes)

.debug_ranges   0x00000000      0x130
 *(.debug_ranges)
 .debug_ranges  0x00000000       0x10 main.o
 .debug_ranges  0x00000010       0x18 NewFolder1/application/app.o
 .debug_ranges  0x00000028       0x20 NewFolder1/ECAL/BUTTON Driver/button.o
 .debug_ranges  0x00000048       0x28 NewFolder1/ECAL/LED Driver/led.o
 .debug_ranges  0x00000070       0x28 NewFolder1/MCAL/DIO Driver/dio.o
 .debug_ranges  0x00000098       0x28 NewFolder1/MCAL/INTERRUPTS Driver/interrupts.o
 .debug_ranges  0x000000c0       0x70 NewFolder1/MCAL/TIMER Driver/timer.o

.debug_macro
 *(.debug_macro)
OUTPUT(traffic light fwd pro.elf elf32-avr)
LOAD linker stubs
